// Jest Snapshot v1, https://goo.gl/fbAQLP

exports[`NotFoundPage tests is a basic snapshot 1`] = `
<div
  class="MuiBox-root css-1j9u8ue"
  data-testid="not-found-page"
>
  <svg
    aria-hidden="true"
    class="MuiSvgIcon-root MuiSvgIcon-fontSizeMedium css-1ngv1pw-MuiSvgIcon-root"
    data-testid="SdCardAlertOutlinedIcon"
    focusable="false"
    viewBox="0 0 24 24"
  >
    <path
      d="M18 2h-8L4.02 8 4 20c0 1.1.9 2 2 2h12c1.1 0 2-.9 2-2V4c0-1.1-.9-2-2-2zm0 18H6V8.83L10.83 4H18v16zm-7-5h2v2h-2zm0-7h2v5h-2z"
    />
  </svg>
  <h1
    class="MuiTypography-root MuiTypography-h1 css-1n9u69a-MuiTypography-root"
  >
    404
  </h1>
  <p
    class="MuiTypography-root MuiTypography-body1 MuiTypography-paragraph css-erwkhi-MuiTypography-root"
  >
    The page you are looking for was not found
  </p>
  <a
    class="MuiTypography-root MuiTypography-inherit MuiLink-root MuiLink-underlineAlways css-8qvnvx-MuiTypography-root-MuiLink-root"
    href="/"
  >
    Go to the main page
  </a>
</div>
`;
